frontend/src/components/auth/AuthModal.jsx(85,9): error TS1003: Identifier expected.
frontend/src/components/auth/AuthModal.jsx(86,9): error TS1381: Unexpected token. Did you mean `{'}'}` or `&rbrace;`?
frontend/src/components/auth/AuthModal.jsx(90,7): error TS1382: Unexpected token. Did you mean `{'>'}` or `&gt;`?
frontend/src/components/auth/AuthModal.jsx(92,11): error TS1003: Identifier expected.
frontend/src/components/auth/AuthModal.jsx(93,11): error TS1381: Unexpected token. Did you mean `{'}'}` or `&rbrace;`?
frontend/src/components/auth/AuthModal.jsx(97,9): error TS1382: Unexpected token. Did you mean `{'>'}` or `&gt;`?
frontend/src/components/auth/AuthModal.jsx(215,17): error TS1003: Identifier expected.
frontend/src/components/auth/AuthModal.jsx(216,17): error TS1381: Unexpected token. Did you mean `{'}'}` or `&rbrace;`?
frontend/src/components/auth/AuthModal.jsx(218,15): error TS1382: Unexpected token. Did you mean `{'>'}` or `&gt;`?
frontend/src/components/auth/AuthModal.jsx(221,17): error TS17002: Expected corresponding JSX closing tag for 'form'.
frontend/src/components/auth/AuthModal.jsx(222,14): error TS1381: Unexpected token. Did you mean `{'}'}` or `&rbrace;`?
frontend/src/components/auth/AuthModal.jsx(228,15): error TS1003: Identifier expected.
frontend/src/components/auth/AuthModal.jsx(229,15): error TS1381: Unexpected token. Did you mean `{'}'}` or `&rbrace;`?
frontend/src/components/auth/AuthModal.jsx(231,13): error TS1382: Unexpected token. Did you mean `{'>'}` or `&gt;`?
frontend/src/components/auth/AuthModal.jsx(242,15): error TS17002: Expected corresponding JSX closing tag for 'AnimatePresence'.
frontend/src/components/auth/AuthModal.jsx(244,13): error TS1005: ')' expected.
frontend/src/components/auth/AuthModal.jsx(257,11): error TS1128: Declaration or statement expected.
frontend/src/components/auth/AuthModal.jsx(258,9): error TS1109: Expression expected.
frontend/src/components/auth/AuthModal.jsx(259,7): error TS1109: Expression expected.
frontend/src/components/auth/AuthModal.jsx(260,5): error TS1109: Expression expected.
frontend/src/components/auth/AuthModal.jsx(261,3): error TS1109: Expression expected.
frontend/src/components/auth/AuthModal.jsx(262,1): error TS1128: Declaration or statement expected.
frontend/src/components/common/Preloader.jsx(41,13): error TS1003: Identifier expected.
frontend/src/components/common/Preloader.jsx(42,9): error TS1136: Property assignment expected.
frontend/src/components/common/Preloader.jsx(44,14): error TS1005: ';' expected.
frontend/src/components/common/Preloader.jsx(45,19): error TS1005: ';' expected.
frontend/src/components/common/Preloader.jsx(46,27): error TS1005: ';' expected.
frontend/src/components/common/Preloader.jsx(46,50): error TS1005: ';' expected.
frontend/src/components/common/Preloader.jsx(47,2): error TS1128: Declaration or statement expected.
frontend/src/components/common/Preloader.jsx(51,11): error TS1005: ';' expected.
frontend/src/components/common/Preloader.jsx(52,17): error TS2657: JSX expressions must have one parent element.
frontend/src/components/common/Preloader.jsx(54,13): error TS1128: Declaration or statement expected.
frontend/src/components/common/Preloader.jsx(147,25): error TS1003: Identifier expected.
frontend/src/components/common/Preloader.jsx(148,25): error TS1381: Unexpected token. Did you mean `{'}'}` or `&rbrace;`?
frontend/src/components/common/Preloader.jsx(149,25): error TS1381: Unexpected token. Did you mean `{'}'}` or `&rbrace;`?
frontend/src/components/common/Preloader.jsx(150,21): error TS1382: Unexpected token. Did you mean `{'>'}` or `&gt;`?
frontend/src/components/common/Preloader.jsx(159,33): error TS1003: Identifier expected.
frontend/src/components/common/Preloader.jsx(160,36): error TS1381: Unexpected token. Did you mean `{'}'}` or `&rbrace;`?
frontend/src/components/common/Preloader.jsx(160,37): error TS1381: Unexpected token. Did you mean `{'}'}` or `&rbrace;`?
frontend/src/components/common/Preloader.jsx(161,30): error TS1382: Unexpected token. Did you mean `{'>'}` or `&gt;`?
frontend/src/components/common/Preloader.jsx(189,13): error TS1128: Declaration or statement expected.
frontend/src/components/common/Preloader.jsx(190,9): error TS1109: Expression expected.
frontend/src/components/common/Preloader.jsx(191,5): error TS1109: Expression expected.
frontend/src/components/common/Preloader.jsx(192,1): error TS1128: Declaration or statement expected.
frontend/src/components/courses/CoursesFilter.jsx(30,7): error TS1003: Identifier expected.
frontend/src/components/courses/CoursesFilter.jsx(31,7): error TS1128: Declaration or statement expected.
frontend/src/components/courses/CoursesFilter.jsx(34,7): error TS2657: JSX expressions must have one parent element.
frontend/src/components/courses/CoursesFilter.jsx(52,17): error TS1003: Identifier expected.
frontend/src/components/courses/CoursesFilter.jsx(58,15): error TS1382: Unexpected token. Did you mean `{'>'}` or `&gt;`?
frontend/src/components/courses/CoursesFilter.jsx(60,17): error TS17002: Expected corresponding JSX closing tag for 'div'.
frontend/src/components/courses/CoursesFilter.jsx(61,15): error TS1381: Unexpected token. Did you mean `{'}'}` or `&rbrace;`?
frontend/src/components/courses/CoursesFilter.jsx(71,17): error TS1003: Identifier expected.
frontend/src/components/courses/CoursesFilter.jsx(77,15): error TS1382: Unexpected token. Did you mean `{'>'}` or `&gt;`?
frontend/src/components/courses/CoursesFilter.jsx(79,17): error TS17002: Expected corresponding JSX closing tag for 'div'.
frontend/src/components/courses/CoursesFilter.jsx(80,15): error TS1381: Unexpected token. Did you mean `{'}'}` or `&rbrace;`?
frontend/src/components/courses/CoursesFilter.jsx(82,9): error TS1128: Declaration or statement expected.
frontend/src/components/courses/CoursesFilter.jsx(88,15): error TS1003: Identifier expected.
frontend/src/components/courses/CoursesFilter.jsx(94,13): error TS1382: Unexpected token. Did you mean `{'>'}` or `&gt;`?
frontend/src/components/courses/CoursesFilter.jsx(96,15): error TS17002: Expected corresponding JSX closing tag for 'div'.
frontend/src/components/courses/CoursesFilter.jsx(98,15): error TS1003: Identifier expected.
frontend/src/components/courses/CoursesFilter.jsx(104,13): error TS1382: Unexpected token. Did you mean `{'>'}` or `&gt;`?
frontend/src/components/courses/CoursesFilter.jsx(106,15): error TS17002: Expected corresponding JSX closing tag for 'div'.
frontend/src/components/courses/CoursesFilter.jsx(107,11): error TS1128: Declaration or statement expected.
frontend/src/components/courses/CoursesFilter.jsx(108,9): error TS1109: Expression expected.
frontend/src/components/courses/CoursesFilter.jsx(110,9): error TS2657: JSX expressions must have one parent element.
frontend/src/components/courses/CoursesFilter.jsx(112,13): error TS1003: Identifier expected.
frontend/src/components/courses/CoursesFilter.jsx(115,11): error TS1382: Unexpected token. Did you mean `{'>'}` or `&gt;`?
frontend/src/components/courses/CoursesFilter.jsx(118,13): error TS17002: Expected corresponding JSX closing tag for 'div'.
frontend/src/components/courses/CoursesFilter.jsx(129,9): error TS1128: Declaration or statement expected.
frontend/src/components/courses/CoursesFilter.jsx(130,7): error TS1109: Expression expected.
frontend/src/components/courses/CoursesFilter.jsx(131,5): error TS1109: Expression expected.
frontend/src/components/courses/CoursesFilter.jsx(132,3): error TS1109: Expression expected.
frontend/src/components/courses/CoursesFilter.jsx(133,1): error TS1128: Declaration or statement expected.
frontend/src/components/home/CitySection.jsx(83,21): error TS1003: Identifier expected.
frontend/src/components/home/CitySection.jsx(84,21): error TS1381: Unexpected token. Did you mean `{'}'}` or `&rbrace;`?
frontend/src/components/home/CitySection.jsx(86,17): error TS1382: Unexpected token. Did you mean `{'>'}` or `&gt;`?
frontend/src/components/home/CitySection.jsx(109,13): error TS1005: ')' expected.
frontend/src/components/home/CitySection.jsx(115,17): error TS1003: Identifier expected.
frontend/src/components/home/CitySection.jsx(116,17): error TS1128: Declaration or statement expected.
frontend/src/components/home/CitySection.jsx(117,17): error TS1128: Declaration or statement expected.
frontend/src/components/home/CitySection.jsx(118,13): error TS1161: Unterminated regular expression literal.
frontend/src/components/home/CitySection.jsx(119,9): error TS1128: Declaration or statement expected.
frontend/src/components/home/CitySection.jsx(120,5): error TS1109: Expression expected.
frontend/src/components/home/CitySection.jsx(121,1): error TS1128: Declaration or statement expected.
frontend/src/components/home/CitySection.jsx(182,21): error TS1003: Identifier expected.
frontend/src/components/home/CitySection.jsx(183,21): error TS1381: Unexpected token. Did you mean `{'}'}` or `&rbrace;`?
frontend/src/components/home/CitySection.jsx(184,21): error TS1381: Unexpected token. Did you mean `{'}'}` or `&rbrace;`?
frontend/src/components/home/CitySection.jsx(186,17): error TS1382: Unexpected token. Did you mean `{'>'}` or `&gt;`?
frontend/src/components/home/CitySection.jsx(217,15): error TS17002: Expected corresponding JSX closing tag for 'section'.
frontend/src/components/home/CitySection.jsx(218,9): error TS1005: ')' expected.
frontend/src/components/home/CitySection.jsx(219,5): error TS1109: Expression expected.
frontend/src/components/home/CitySection.jsx(220,1): error TS1128: Declaration or statement expected.
frontend/src/components/home/MentorsSection.jsx(43,9): error TS2657: JSX expressions must have one parent element.
frontend/src/components/home/MentorsSection.jsx(78,17): error TS1003: Identifier expected.
frontend/src/components/home/MentorsSection.jsx(79,17): error TS1381: Unexpected token. Did you mean `{'}'}` or `&rbrace;`?
frontend/src/components/home/MentorsSection.jsx(80,17): error TS1381: Unexpected token. Did you mean `{'}'}` or `&rbrace;`?
frontend/src/components/home/MentorsSection.jsx(81,14): error TS1382: Unexpected token. Did you mean `{'>'}` or `&gt;`?
frontend/src/components/home/MentorsSection.jsx(90,25): error TS1003: Identifier expected.
frontend/src/components/home/MentorsSection.jsx(92,21): error TS1382: Unexpected token. Did you mean `{'>'}` or `&gt;`?
frontend/src/components/home/MentorsSection.jsx(103,25): error TS1003: Identifier expected.
frontend/src/components/home/MentorsSection.jsx(104,25): error TS1381: Unexpected token. Did you mean `{'}'}` or `&rbrace;`?
frontend/src/components/home/MentorsSection.jsx(106,21): error TS1382: Unexpected token. Did you mean `{'>'}` or `&gt;`?
frontend/src/components/home/MentorsSection.jsx(129,21): error TS1003: Identifier expected.
frontend/src/components/home/MentorsSection.jsx(129,21): error TS1005: ')' expected.
frontend/src/components/home/MentorsSection.jsx(132,22): error TS1136: Property assignment expected.
frontend/src/components/home/MentorsSection.jsx(141,23): error TS1128: Declaration or statement expected.
frontend/src/components/home/MentorsSection.jsx(142,17): error TS1128: Declaration or statement expected.
frontend/src/components/home/MentorsSection.jsx(143,13): error TS1109: Expression expected.
frontend/src/components/home/MentorsSection.jsx(146,18): error TS1005: ';' expected.
frontend/src/components/home/MentorsSection.jsx(146,193): error TS1109: Expression expected.
frontend/src/components/home/MentorsSection.jsx(147,9): error TS1109: Expression expected.
frontend/src/components/home/MentorsSection.jsx(148,5): error TS1109: Expression expected.
frontend/src/components/home/MentorsSection.jsx(149,1): error TS1128: Declaration or statement expected.
frontend/src/components/home/MentorsSection.jsx(183,9): error TS2657: JSX expressions must have one parent element.
frontend/src/components/home/MentorsSection.jsx(197,21): error TS1003: Identifier expected.
frontend/src/components/home/MentorsSection.jsx(198,21): error TS1381: Unexpected token. Did you mean `{'}'}` or `&rbrace;`?
frontend/src/components/home/MentorsSection.jsx(199,21): error TS1381: Unexpected token. Did you mean `{'}'}` or `&rbrace;`?
frontend/src/components/home/MentorsSection.jsx(200,17): error TS1382: Unexpected token. Did you mean `{'>'}` or `&gt;`?
frontend/src/components/home/MentorsSection.jsx(208,19): error TS17002: Expected corresponding JSX closing tag for 'div'.
frontend/src/components/home/MentorsSection.jsx(209,15): error TS17002: Expected corresponding JSX closing tag for 'section'.
frontend/src/components/home/MentorsSection.jsx(230,9): error TS1005: ')' expected.
frontend/src/components/home/MentorsSection.jsx(231,5): error TS1109: Expression expected.
frontend/src/components/home/MentorsSection.jsx(232,1): error TS1128: Declaration or statement expected.
frontend/src/components/home/PartnersSection.jsx(37,9): error TS2657: JSX expressions must have one parent element.
frontend/src/components/home/PartnersSection.jsx(44,21): error TS1003: Identifier expected.
frontend/src/components/home/PartnersSection.jsx(45,21): error TS1381: Unexpected token. Did you mean `{'}'}` or `&rbrace;`?
frontend/src/components/home/PartnersSection.jsx(46,21): error TS1381: Unexpected token. Did you mean `{'}'}` or `&rbrace;`?
frontend/src/components/home/PartnersSection.jsx(48,17): error TS1382: Unexpected token. Did you mean `{'>'}` or `&gt;`?
frontend/src/components/home/PartnersSection.jsx(60,15): error TS17002: Expected corresponding JSX closing tag for 'section'.
frontend/src/components/home/PartnersSection.jsx(71,25): error TS1003: Identifier expected.
frontend/src/components/home/PartnersSection.jsx(77,21): error TS1382: Unexpected token. Did you mean `{'>'}` or `&gt;`?
frontend/src/components/home/PartnersSection.jsx(81,23): error TS17002: Expected corresponding JSX closing tag for 'div'.
frontend/src/components/home/PartnersSection.jsx(84,17): error TS1005: ')' expected.
frontend/src/components/home/PartnersSection.jsx(88,25): error TS1003: Identifier expected.
frontend/src/components/home/PartnersSection.jsx(94,21): error TS1382: Unexpected token. Did you mean `{'>'}` or `&gt;`?
frontend/src/components/home/PartnersSection.jsx(98,23): error TS17002: Expected corresponding JSX closing tag for 'div'.
frontend/src/components/home/PartnersSection.jsx(99,17): error TS1128: Declaration or statement expected.
frontend/src/components/home/PartnersSection.jsx(100,13): error TS1109: Expression expected.
frontend/src/components/home/PartnersSection.jsx(101,9): error TS1109: Expression expected.
frontend/src/components/home/PartnersSection.jsx(102,5): error TS1109: Expression expected.
frontend/src/components/home/PartnersSection.jsx(103,1): error TS1128: Declaration or statement expected.
frontend/src/components/home/ServicesSection.jsx(57,25): error TS1003: Identifier expected.
frontend/src/components/home/ServicesSection.jsx(58,25): error TS1381: Unexpected token. Did you mean `{'}'}` or `&rbrace;`?
frontend/src/components/home/ServicesSection.jsx(59,25): error TS1381: Unexpected token. Did you mean `{'}'}` or `&rbrace;`?
frontend/src/components/home/ServicesSection.jsx(61,21): error TS1382: Unexpected token. Did you mean `{'>'}` or `&gt;`?
frontend/src/components/home/ServicesSection.jsx(67,25): error TS1003: Identifier expected.
frontend/src/components/home/ServicesSection.jsx(68,25): error TS1381: Unexpected token. Did you mean `{'}'}` or `&rbrace;`?
frontend/src/components/home/ServicesSection.jsx(69,25): error TS1381: Unexpected token. Did you mean `{'}'}` or `&rbrace;`?
frontend/src/components/home/ServicesSection.jsx(70,25): error TS1381: Unexpected token. Did you mean `{'}'}` or `&rbrace;`?
frontend/src/components/home/ServicesSection.jsx(72,21): error TS1382: Unexpected token. Did you mean `{'>'}` or `&gt;`?
frontend/src/components/home/ServicesSection.jsx(77,23): error TS17002: Expected corresponding JSX closing tag for 'div'.
frontend/src/components/home/ServicesSection.jsx(80,25): error TS1003: Identifier expected.
frontend/src/components/home/ServicesSection.jsx(81,25): error TS1381: Unexpected token. Did you mean `{'}'}` or `&rbrace;`?
frontend/src/components/home/ServicesSection.jsx(82,25): error TS1381: Unexpected token. Did you mean `{'}'}` or `&rbrace;`?
frontend/src/components/home/ServicesSection.jsx(83,25): error TS1381: Unexpected token. Did you mean `{'}'}` or `&rbrace;`?
frontend/src/components/home/ServicesSection.jsx(85,21): error TS1382: Unexpected token. Did you mean `{'>'}` or `&gt;`?
frontend/src/components/home/ServicesSection.jsx(87,23): error TS17002: Expected corresponding JSX closing tag for 'section'.
frontend/src/components/home/ServicesSection.jsx(88,17): error TS1005: ')' expected.
frontend/src/components/home/ServicesSection.jsx(100,33): error TS1003: Identifier expected.
frontend/src/components/home/ServicesSection.jsx(101,33): error TS1005: ',' expected.
frontend/src/components/home/ServicesSection.jsx(102,33): error TS1381: Unexpected token. Did you mean `{'}'}` or `&rbrace;`?
frontend/src/components/home/ServicesSection.jsx(103,33): error TS1381: Unexpected token. Did you mean `{'}'}` or `&rbrace;`?
frontend/src/components/home/ServicesSection.jsx(105,29): error TS1382: Unexpected token. Did you mean `{'>'}` or `&gt;`?
frontend/src/components/home/ServicesSection.jsx(144,25): error TS1128: Declaration or statement expected.
frontend/src/components/home/ServicesSection.jsx(145,21): error TS1128: Declaration or statement expected.
frontend/src/components/home/ServicesSection.jsx(145,22): error TS1128: Declaration or statement expected.
frontend/src/components/home/ServicesSection.jsx(145,23): error TS1128: Declaration or statement expected.
frontend/src/components/home/ServicesSection.jsx(146,17): error TS1128: Declaration or statement expected.
frontend/src/components/home/ServicesSection.jsx(149,21): error TS1003: Identifier expected.
frontend/src/components/home/ServicesSection.jsx(150,21): error TS1003: Identifier expected.
frontend/src/components/home/ServicesSection.jsx(151,21): error TS1003: Identifier expected.
frontend/src/components/home/ServicesSection.jsx(152,21): error TS1003: Identifier expected.
frontend/src/components/home/ServicesSection.jsx(166,13): error TS1128: Declaration or statement expected.
frontend/src/components/home/ServicesSection.jsx(167,9): error TS1109: Expression expected.
frontend/src/components/home/ServicesSection.jsx(168,5): error TS1109: Expression expected.
frontend/src/components/home/ServicesSection.jsx(169,1): error TS1128: Declaration or statement expected.
frontend/src/components/home/TechnologiesSection.jsx(42,21): error TS1003: Identifier expected.
frontend/src/components/home/TechnologiesSection.jsx(43,21): error TS1381: Unexpected token. Did you mean `{'}'}` or `&rbrace;`?
frontend/src/components/home/TechnologiesSection.jsx(44,21): error TS1381: Unexpected token. Did you mean `{'}'}` or `&rbrace;`?
frontend/src/components/home/TechnologiesSection.jsx(46,17): error TS1382: Unexpected token. Did you mean `{'>'}` or `&gt;`?
frontend/src/components/home/TechnologiesSection.jsx(58,15): error TS17002: Expected corresponding JSX closing tag for 'section'.
frontend/src/components/home/TechnologiesSection.jsx(60,13): error TS1005: ')' expected.
frontend/src/components/home/TechnologiesSection.jsx(72,25): error TS1003: Identifier expected.
frontend/src/components/home/TechnologiesSection.jsx(79,21): error TS1382: Unexpected token. Did you mean `{'>'}` or `&gt;`?
frontend/src/components/home/TechnologiesSection.jsx(112,13): error TS1128: Declaration or statement expected.
frontend/src/components/home/TechnologiesSection.jsx(113,9): error TS1109: Expression expected.
frontend/src/components/home/TechnologiesSection.jsx(114,5): error TS1109: Expression expected.
frontend/src/components/home/TechnologiesSection.jsx(115,1): error TS1128: Declaration or statement expected.
frontend/src/components/layout/AdminLayout.jsx(210,9): error TS2657: JSX expressions must have one parent element.
frontend/src/components/layout/AdminLayout.jsx(220,29): error TS1003: Identifier expected.
frontend/src/components/layout/AdminLayout.jsx(221,29): error TS1381: Unexpected token. Did you mean `{'}'}` or `&rbrace;`?
frontend/src/components/layout/AdminLayout.jsx(225,26): error TS1382: Unexpected token. Did you mean `{'>'}` or `&gt;`?
frontend/src/components/layout/AdminLayout.jsx(227,29): error TS1003: Identifier expected.
frontend/src/components/layout/AdminLayout.jsx(228,29): error TS1381: Unexpected token. Did you mean `{'}'}` or `&rbrace;`?
frontend/src/components/layout/AdminLayout.jsx(230,29): error TS1381: Unexpected token. Did you mean `{'}'}` or `&rbrace;`?
frontend/src/components/layout/AdminLayout.jsx(232,25): error TS1382: Unexpected token. Did you mean `{'>'}` or `&gt;`?
frontend/src/components/layout/AdminLayout.jsx(234,27): error TS17015: Expected corresponding closing tag for JSX fragment.
frontend/src/components/layout/AdminLayout.jsx(234,32): error TS1382: Unexpected token. Did you mean `{'>'}` or `&gt;`?
frontend/src/components/layout/AdminLayout.jsx(235,23): error TS1003: Identifier expected.
frontend/src/components/layout/AdminLayout.jsx(236,18): error TS1381: Unexpected token. Did you mean `{'}'}` or `&rbrace;`?
frontend/src/components/layout/AdminLayout.jsx(237,15): error TS17002: Expected corresponding JSX closing tag for 'div'.
frontend/src/components/layout/AdminLayout.jsx(241,17): error TS1003: Identifier expected.
frontend/src/components/layout/AdminLayout.jsx(241,17): error TS1005: ')' expected.
frontend/src/components/layout/AdminLayout.jsx(245,13): error TS1128: Declaration or statement expected.
frontend/src/components/layout/AdminLayout.jsx(265,26): error TS17008: JSX element 'AnimatePresence' has no corresponding closing tag.
frontend/src/components/layout/AdminLayout.jsx(268,33): error TS1003: Identifier expected.
frontend/src/components/layout/AdminLayout.jsx(269,33): error TS1381: Unexpected token. Did you mean `{'}'}` or `&rbrace;`?
frontend/src/components/layout/AdminLayout.jsx(271,33): error TS1381: Unexpected token. Did you mean `{'}'}` or `&rbrace;`?
frontend/src/components/layout/AdminLayout.jsx(272,29): error TS1382: Unexpected token. Did you mean `{'>'}` or `&gt;`?
frontend/src/components/layout/AdminLayout.jsx(275,27): error TS17002: Expected corresponding JSX closing tag for 'main'.
frontend/src/components/layout/AdminLayout.jsx(277,17): error TS1128: Declaration or statement expected.
frontend/src/components/layout/AdminLayout.jsx(278,13): error TS1109: Expression expected.
frontend/src/components/layout/AdminLayout.jsx(279,9): error TS1109: Expression expected.
frontend/src/components/layout/AdminLayout.jsx(280,5): error TS1109: Expression expected.
frontend/src/components/layout/AdminLayout.jsx(281,1): error TS1128: Declaration or statement expected.
frontend/src/components/layout/Navbar.jsx(44,17): error TS1003: Identifier expected.
frontend/src/components/layout/Navbar.jsx(45,17): error TS1381: Unexpected token. Did you mean `{'}'}` or `&rbrace;`?
frontend/src/components/layout/Navbar.jsx(46,17): error TS1381: Unexpected token. Did you mean `{'}'}` or `&rbrace;`?
frontend/src/components/layout/Navbar.jsx(51,13): error TS1382: Unexpected token. Did you mean `{'>'}` or `&gt;`?
frontend/src/components/layout/Navbar.jsx(122,41): error TS1003: Identifier expected.
frontend/src/components/layout/Navbar.jsx(123,41): error TS1381: Unexpected token. Did you mean `{'}'}` or `&rbrace;`?
frontend/src/components/layout/Navbar.jsx(135,37): error TS1382: Unexpected token. Did you mean `{'>'}` or `&gt;`?
frontend/src/components/layout/Navbar.jsx(138,39): error TS17002: Expected corresponding JSX closing tag for 'Link'.
frontend/src/components/layout/Navbar.jsx(139,33): error TS1005: ')' expected.
frontend/src/components/layout/Navbar.jsx(139,35): error TS17002: Expected corresponding JSX closing tag for 'div'.
frontend/src/components/layout/Navbar.jsx(140,30): error TS1381: Unexpected token. Did you mean `{'}'}` or `&rbrace;`?
frontend/src/components/layout/Navbar.jsx(151,19): error TS17015: Expected corresponding closing tag for JSX fragment.
frontend/src/components/layout/Navbar.jsx(155,33): error TS1005: ',' expected.
frontend/src/components/layout/Navbar.jsx(157,29): error TS1003: Identifier expected.
frontend/src/components/layout/Navbar.jsx(158,29): error TS1128: Declaration or statement expected.
frontend/src/components/layout/Navbar.jsx(159,35): error TS1136: Property assignment expected.
frontend/src/components/layout/Navbar.jsx(159,55): error TS1005: ';' expected.
frontend/src/components/layout/Navbar.jsx(159,60): error TS1128: Declaration or statement expected.
frontend/src/components/layout/Navbar.jsx(160,40): error TS1136: Property assignment expected.
frontend/src/components/layout/Navbar.jsx(160,153): error TS1128: Declaration or statement expected.
frontend/src/components/layout/Navbar.jsx(161,25): error TS1109: Expression expected.
frontend/src/components/layout/Navbar.jsx(211,49): error TS1003: Identifier expected.
frontend/src/components/layout/Navbar.jsx(213,45): error TS1382: Unexpected token. Did you mean `{'>'}` or `&gt;`?
frontend/src/components/layout/Navbar.jsx(215,47): error TS17002: Expected corresponding JSX closing tag for 'Link'.
frontend/src/components/layout/Navbar.jsx(216,41): error TS1005: ')' expected.
frontend/src/components/layout/Navbar.jsx(216,43): error TS17002: Expected corresponding JSX closing tag for 'div'.
frontend/src/components/layout/Navbar.jsx(217,38): error TS1381: Unexpected token. Did you mean `{'}'}` or `&rbrace;`?
frontend/src/components/layout/Navbar.jsx(219,29): error TS1128: Declaration or statement expected.
frontend/src/components/layout/Navbar.jsx(220,25): error TS1109: Expression expected.
frontend/src/components/layout/Navbar.jsx(221,21): error TS1109: Expression expected.
frontend/src/components/layout/Navbar.jsx(221,22): error TS1128: Declaration or statement expected.
frontend/src/components/layout/Navbar.jsx(222,17): error TS1128: Declaration or statement expected.
frontend/src/components/layout/Navbar.jsx(223,13): error TS1109: Expression expected.
frontend/src/components/layout/Navbar.jsx(224,9): error TS1109: Expression expected.
frontend/src/components/layout/Navbar.jsx(224,11): error TS1109: Expression expected.
frontend/src/components/layout/Navbar.jsx(225,5): error TS1109: Expression expected.
frontend/src/components/layout/Navbar.jsx(226,1): error TS1128: Declaration or statement expected.
